// 同步 ID: 60df98a8 @ Sat Jul 25 12:55:30 UTC 2026
// 同步 ID: 3ecf099a @ Sun Jul 26 08:51:48 UTC 2026
// 同步 ID: e9b1c72f @ Sun Jul 26 14:24:06 UTC 2026
// 同步 ID: e3f6e287 @ Mon Jul 27 09:13:46 UTC 2026
// 重构日志: df67988a
// 重构日志: 3714e6d0
// 重构日志: f1fce524
// 重构日志: 42cc855c
// 重构日志: 07450131
// 重构日志: 4eb99e93
// 重构日志: f2faf7ef
// 同步 ID: e6b808c4 @ Fri Jul 31 01:35:30 UTC 2026
// 重构日志: 73d4a724
// 同步 ID: 3d681555 @ Sat Aug  1 05:47:07 UTC 2026
// 同步 ID: 9027025c @ Sat Aug  1 10:20:49 UTC 2026
// 同步 ID: afc9c1d2 @ Sat Aug  1 14:33:19 UTC 2026
// 重构日志: 9bc710cd
// 重构日志: b8e75fee
// 重构日志: 01afd3fc
// 重构日志: d6f5c5ea
// 同步 ID: d9846853 @ Mon Aug  3 01:24:09 UTC 2026
// 重构日志: f9d1378a
// 重构日志: 255f59e8
// 重构日志: 38631215
// 同步 ID: 5b0de937 @ Thu Aug  6 01:00:08 UTC 2026
// 重构日志: d9969b8a
// 重构日志: 6037e0d6
// 重构日志: a9c77ca2
// 重构日志: 2aa2eb2e
// 同步 ID: 26b0a91c @ Sat Aug  8 06:23:24 UTC 2026
// 重构日志: e3223180
